18:29:30 **** Incremental Build of configuration Debug for project 010_Fault_Gen ****
make -j8 all 
arm-none-eabi-size   010_Fault_Gen.elf 
   text	   data	    bss	    dec	    hex	filename
   5404	    108	   1580	   7092	   1bb4	010_Fault_Gen.elf
Finished building: default.size.stdout
 
18:29:36 **** Incremental Build of configuration Debug for project 010_Fault_Gen ****
make -j8 all 
arm-none-eabi-size   010_Fault_Gen.elf 
   text	   data	    bss	    dec	    hex	filename
   5404	    108	   1580	   7092	   1bb4	010_Fault_Gen.elf
Finished building: default.size.stdout
 
18:31:51 **** Clean-only build of configuration Debug for project 006_stack ****
make -j8 clean 
rm -rf *
 
18:31:52 **** Build of configuration Debug for project 006_stack ****
make -j8 all 
arm-none-eabi-gcc -mcpu=cortex-m4 -g3 -c -x assembler-with-cpp --specs=nano.specs -mfpu=fpv4-sp-d16 -mfloat-abi=hard -mthumb -o "Startup/startup_stm32f407vgtx.o" "../Startup/startup_stm32f407vgtx.s"
arm-none-eabi-gcc "../Src/main.c" -mcpu=cortex-m4 -std=gnu11 -g3 -DSTM32 -DSTM32F407G_DISC1 -DSTM32F4 -DSTM32F407VGTx -DDEBUG -c -I../Inc -O0 -ffunction-sections -fdata-sections -Wall -fstack-usage -MMD -MP -MF"Src/main.d" -MT"Src/main.o" --specs=nano.specs -mfpu=fpv4-sp-d16 -mfloat-abi=hard -mthumb -o "Src/main.o"
arm-none-eabi-gcc "../Src/syscalls.c" -mcpu=cortex-m4 -std=gnu11 -g3 -DSTM32 -DSTM32F407G_DISC1 -DSTM32F4 -DSTM32F407VGTx -DDEBUG -c -I../Inc -O0 -ffunction-sections -fdata-sections -Wall -fstack-usage -MMD -MP -MF"Src/syscalls.d" -MT"Src/syscalls.o" --specs=nano.specs -mfpu=fpv4-sp-d16 -mfloat-abi=hard -mthumb -o "Src/syscalls.o"
arm-none-eabi-gcc "../Src/sysmem.c" -mcpu=cortex-m4 -std=gnu11 -g3 -DSTM32 -DSTM32F407G_DISC1 -DSTM32F4 -DSTM32F407VGTx -DDEBUG -c -I../Inc -O0 -ffunction-sections -fdata-sections -Wall -fstack-usage -MMD -MP -MF"Src/sysmem.d" -MT"Src/sysmem.o" --specs=nano.specs -mfpu=fpv4-sp-d16 -mfloat-abi=hard -mthumb -o "Src/sysmem.o"
arm-none-eabi-gcc -o "006_stack.elf" @"objects.list"   -mcpu=cortex-m4 -T"C:\Users\KumarDharani\Documents\course-armcortex-mx\cortexmx\006_stack\STM32F407VGTX_FLASH.ld" --specs=nosys.specs -Wl,-Map="006_stack.map" -Wl,--gc-sections -static --specs=nano.specs -mfpu=fpv4-sp-d16 -mfloat-abi=hard -mthumb -Wl,--start-group -lc -lm -Wl,--end-group
Finished building target: 006_stack.elf
 
arm-none-eabi-size   006_stack.elf 
arm-none-eabi-objdump -h -S  006_stack.elf  > "006_stack.list"
   text	   data	    bss	    dec	    hex	filename
   5220	    108	   1580	   6908	   1afc	006_stack.elf
Finished building: default.size.stdout
 
Finished building: 006_stack.list
 
18:32:30 **** Incremental Build of configuration Debug for project 000_HelloWorld ****
make -j8 all 
arm-none-eabi-size   000_HelloWorld.elf 
   text	   data	    bss	    dec	    hex	filename
   3480	    108	   1580	   5168	   1430	000_HelloWorld.elf
Finished building: default.size.stdout
 
18:33:34 **** Incremental Build of configuration Debug for project 000_HelloWorld ****
make -j8 all 
arm-none-eabi-size   000_HelloWorld.elf 
   text	   data	    bss	    dec	    hex	filename
   3480	    108	   1580	   5168	   1430	000_HelloWorld.elf
Finished building: default.size.stdout
 
19:02:56 **** Incremental Build of configuration Debug for project 000_HelloWorld ****
make -j8 all 
arm-none-eabi-size   000_HelloWorld.elf 
   text	   data	    bss	    dec	    hex	filename
   3480	    108	   1580	   5168	   1430	000_HelloWorld.elf
Finished building: default.size.stdout
 
21:39:06 **** Build of configuration Debug for project 000_HelloWorld ****
make -j8 all 
arm-none-eabi-size   000_HelloWorld.elf 
   text	   data	    bss	    dec	    hex	filename
   3480	    108	   1580	   5168	   1430	000_HelloWorld.elf
Finished building: default.size.stdout
 
21:50:49 **** Incremental Build of configuration Debug for project 000_HelloWorld ****
make -j8 all 
arm-none-eabi-size   000_HelloWorld.elf 
   text	   data	    bss	    dec	    hex	filename
   3480	    108	   1580	   5168	   1430	000_HelloWorld.elf
Finished building: default.size.stdout
 
22:10:31 **** Incremental Build of configuration Debug for project 000_HelloWorld ****
make -j8 all 
arm-none-eabi-size   000_HelloWorld.elf 
   text	   data	    bss	    dec	    hex	filename
   3480	    108	   1580	   5168	   1430	000_HelloWorld.elf
Finished building: default.size.stdout
 
22:12:54 **** Incremental Build of configuration Debug for project 000_HelloWorld ****
make -j8 all 
arm-none-eabi-size   000_HelloWorld.elf 
   text	   data	    bss	    dec	    hex	filename
   3480	    108	   1580	   5168	   1430	000_HelloWorld.elf
Finished building: default.size.stdout
 
06:14:21 **** Incremental Build of configuration Debug for project 000_HelloWorld ****
make -j8 all 
arm-none-eabi-size   000_HelloWorld.elf 
   text	   data	    bss	    dec	    hex	filename
   3480	    108	   1580	   5168	   1430	000_HelloWorld.elf
Finished building: default.size.stdout
 
06:15:50 **** Incremental Build of configuration Debug for project 000_HelloWorld ****
make -j8 all 
arm-none-eabi-size   000_HelloWorld.elf 
   text	   data	    bss	    dec	    hex	filename
   3480	    108	   1580	   5168	   1430	000_HelloWorld.elf
Finished building: default.size.stdout
 
