main.c:52:5:main	8	static
main.c:72:6:idle_task	4	static
main.c:78:6:task1_handler	8	static
main.c:89:6:task2_handler	8	static
main.c:100:6:task3_handler	8	static
main.c:111:6:task4_handler	8	static
main.c:122:6:init_systick_timer	32	static
main.c:143:29:init_scheduler_stack	0	static,ignoring_inline_asm
main.c:151:6:init_task_stack	24	static
main.c:198:6:enable_processor_faults	16	static
main.c:209:10:get_psp_value	4	static
main.c:215:6:save_psp_value	16	static
main.c:221:6:update_next_task	16	static
main.c:239:29:switch_sp_to_psp	0	static,ignoring_inline_asm
main.c:256:6:schedule	16	static
main.c:264:6:task_delay	16	static,ignoring_inline_asm
main.c:281:29:PendSV_Handler	0	static,ignoring_inline_asm
main.c:317:6:update_global_tick_count	4	static
main.c:323:6:unblock_tasks	16	static
main.c:338:6:SysTick_Handler	8	static
main.c:347:6:HardFault_Handler	8	static
main.c:353:6:MemManage_Handler	8	static
main.c:359:6:BusFault_Handler	8	static
main.c:365:6:UsageFault_Handler	16	static
